--------- beginning of main
07-10 23:54:02.058 I/DolphinXR(31031): OpenXR Vulkan: waited 715 us for pending async final XR submit (before xrBeginFrame)
07-10 23:54:02.592 I/DolphinXR(31031): OpenXR Vulkan: waited 572 us for pending async final XR submit (before xrBeginFrame)
07-10 23:54:02.892 I/DolphinXR(31031): OpenXR Vulkan: waited 501 us for pending async final XR submit (before xrBeginFrame)
07-10 23:54:03.743 I/DolphinXR(31031): OpenXR Vulkan: waited 634 us for pending async final XR submit (before xrBeginFrame)
07-10 23:54:03.826 I/DolphinXR(31031): OpenXR Vulkan: waited 580 us for pending async final XR submit (before xrBeginFrame)
07-10 23:54:04.310 I/DolphinXR(31031): OpenXR Vulkan: waited 517 us for pending async final XR submit (before xrBeginFrame)
07-10 23:54:04.527 I/DolphinXR(31031): OpenXR Vulkan: async final XR submit #32400 timing queue_delay=276us release=4us end_frame=437us finalize=442us success=1
07-10 23:54:04.911 I/DolphinXR(31031): OpenXR Vulkan: waited 578 us for pending async final XR submit (before xrBeginFrame)
07-10 23:54:05.745 I/DolphinXR(31031): OpenXR Vulkan: waited 587 us for pending async final XR submit (before xrBeginFrame)
07-10 23:54:05.945 I/DolphinXR(31031): OpenXR Vulkan: waited 504 us for pending async final XR submit (before xrBeginFrame)
07-10 23:54:06.812 I/DolphinXR(31031): OpenXR Vulkan: waited 537 us for pending async final XR submit (before xrBeginFrame)
07-10 23:54:07.397 I/DolphinXR(31031): OpenXR Vulkan: waited 569 us for pending async final XR submit (before xrBeginFrame)
07-10 23:54:08.014 I/DolphinXR(31031): OpenXR Vulkan: waited 629 us for pending async final XR submit (before xrBeginFrame)
07-10 23:54:08.214 I/DolphinXR(31031): OpenXR Vulkan: waited 545 us for pending async final XR submit (before xrBeginFrame)
07-10 23:54:09.466 I/DolphinXR(31031): OpenXR Vulkan: async final XR submit #32696 timing queue_delay=500us release=4us end_frame=1038us finalize=1044us success=1
07-10 23:54:09.531 I/DolphinXR(31031): OpenXR Vulkan: async final XR submit #32700 timing queue_delay=260us release=3us end_frame=325us finalize=329us success=1
07-10 23:54:10.266 I/DolphinXR(31031): OpenXR Vulkan: waited 564 us for pending async final XR submit (before xrBeginFrame)
07-10 23:54:11.884 I/DolphinXR(31031): OpenXR Vulkan: waited 654 us for pending async final XR submit (before xrBeginFrame)
07-10 23:54:12.285 I/DolphinXR(31031): OpenXR Vulkan: async final XR submit #32865 timing queue_delay=292us release=3us end_frame=1030us finalize=1034us success=1
07-10 23:54:12.285 I/DolphinXR(31031): OpenXR Vulkan: waited 904 us for pending async final XR submit (before xrBeginFrame)
07-10 23:54:12.702 I/DolphinXR(31031): OpenXR Vulkan: async final XR submit #32890 timing queue_delay=246us release=4us end_frame=1043us finalize=1048us success=1
07-10 23:54:14.537 I/DolphinXR(31031): OpenXR Vulkan: async final XR submit #33000 timing queue_delay=247us release=3us end_frame=368us finalize=371us success=1
07-10 23:54:19.541 I/DolphinXR(31031): OpenXR Vulkan: async final XR submit #33300 timing queue_delay=264us release=3us end_frame=391us finalize=394us success=1
07-10 23:54:19.642 I/DolphinXR(31031): OpenXR Vulkan: waited 656 us for pending async final XR submit (before xrBeginFrame)
07-10 23:54:20.410 I/DolphinXR(31031): OpenXR Vulkan: waited 727 us for pending async final XR submit (before xrBeginFrame)
07-10 23:54:20.476 I/DolphinXR(31031): OpenXR Vulkan: waited 595 us for pending async final XR submit (before xrBeginFrame)
07-10 23:54:20.576 I/DolphinXR(31031): OpenXR Vulkan: waited 779 us for pending async final XR submit (before xrBeginFrame)
07-10 23:54:21.711 I/DolphinXR(31031): OpenXR Vulkan: waited 510 us for pending async final XR submit (before xrBeginFrame)
07-10 23:54:22.662 I/DolphinXR(31031): OpenXR Vulkan: waited 595 us for pending async final XR submit (before xrBeginFrame)
07-10 23:54:23.146 I/DolphinXR(31031): OpenXR Vulkan: async final XR submit #33516 timing queue_delay=361us release=4us end_frame=1035us finalize=1042us success=1
07-10 23:54:23.146 I/DolphinXR(31031): OpenXR Vulkan: waited 933 us for pending async final XR submit (before xrBeginFrame)
07-10 23:54:23.162 I/DolphinXR(31031): OpenXR Vulkan: waited 534 us for pending async final XR submit (before xrBeginFrame)
07-10 23:54:23.396 I/DolphinXR(31031): OpenXR Vulkan: waited 831 us for pending async final XR submit (before xrBeginFrame)
07-10 23:54:24.547 I/DolphinXR(31031): OpenXR Vulkan: async final XR submit #33600 timing queue_delay=352us release=4us end_frame=447us finalize=452us success=1
07-10 23:54:26.299 I/DolphinXR(31031): OpenXR Vulkan: waited 653 us for pending async final XR submit (before xrBeginFrame)
07-10 23:54:26.849 I/DolphinXR(31031): OpenXR Vulkan: waited 520 us for pending async final XR submit (before xrBeginFrame)
07-10 23:54:27.250 I/DolphinXR(31031): OpenXR Vulkan: waited 705 us for pending async final XR submit (before xrBeginFrame)
07-10 23:54:28.451 I/DolphinXR(31031): OpenXR Vulkan: waited 564 us for pending async final XR submit (before xrBeginFrame)
07-10 23:54:28.618 I/DolphinXR(31031): OpenXR Vulkan: async final XR submit #33844 timing queue_delay=338us release=3us end_frame=1023us finalize=1028us success=1
07-10 23:54:28.618 I/DolphinXR(31031): OpenXR Vulkan: waited 964 us for pending async final XR submit (before xrBeginFrame)
07-10 23:54:29.552 I/DolphinXR(31031): OpenXR Vulkan: async final XR submit #33900 timing queue_delay=243us release=2us end_frame=390us finalize=393us success=1
07-10 23:54:30.486 I/DolphinXR(31031): OpenXR Vulkan: waited 501 us for pending async final XR submit (before xrBeginFrame)
07-10 23:54:30.670 I/DolphinXR(31031): OpenXR Vulkan: waited 516 us for pending async final XR submit (before xrBeginFrame)
07-10 23:54:30.870 I/DolphinXR(31031): OpenXR Vulkan: waited 559 us for pending async final XR submit (before xrBeginFrame)
07-10 23:54:31.688 I/DolphinXR(31031): OpenXR Vulkan: waited 747 us for pending async final XR submit (before xrBeginFrame)
07-10 23:54:33.306 I/DolphinXR(31031): OpenXR Vulkan: waited 607 us for pending async final XR submit (before xrBeginFrame)
07-10 23:54:34.107 I/DolphinXR(31031): OpenXR Vulkan: waited 699 us for pending async final XR submit (before xrBeginFrame)
07-10 23:54:34.307 I/DolphinXR(31031): OpenXR Vulkan: async final XR submit #34185 timing queue_delay=311us release=4us end_frame=1213us finalize=1218us success=1
07-10 23:54:34.307 I/DolphinXR(31031): OpenXR Vulkan: waited 1036 us for pending async final XR submit (before xrBeginFrame)
07-10 23:54:34.340 I/DolphinXR(31031): OpenXR Vulkan: waited 655 us for pending async final XR submit (before xrBeginFrame)
07-10 23:54:34.557 I/DolphinXR(31031): OpenXR Vulkan: async final XR submit #34200 timing queue_delay=271us release=2us end_frame=457us finalize=462us success=1
07-10 23:54:37.160 I/DolphinXR(31031): OpenXR Vulkan: async final XR submit #34356 timing queue_delay=298us release=3us end_frame=1177us finalize=1181us success=1
07-10 23:54:37.160 I/DolphinXR(31031): OpenXR Vulkan: waited 879 us for pending async final XR submit (before xrBeginFrame)
07-10 23:54:38.161 I/DolphinXR(31031): OpenXR Vulkan: waited 578 us for pending async final XR submit (before xrBeginFrame)
07-10 23:54:39.561 I/DolphinXR(31031): OpenXR Vulkan: async final XR submit #34500 timing queue_delay=237us release=3us end_frame=389us finalize=393us success=1
07-10 23:54:40.396 I/DolphinXR(31031): OpenXR Vulkan: waited 652 us for pending async final XR submit (before xrBeginFrame)
07-10 23:54:41.614 I/DolphinXR(31031): OpenXR Vulkan: waited 525 us for pending async final XR submit (before xrBeginFrame)
07-10 23:54:42.799 I/DolphinXR(31031): OpenXR Vulkan: waited 736 us for pending async final XR submit (before xrBeginFrame)
07-10 23:54:43.049 I/DolphinXR(31031): OpenXR Vulkan: waited 663 us for pending async final XR submit (before xrBeginFrame)
07-10 23:54:44.567 I/DolphinXR(31031): OpenXR Vulkan: async final XR submit #34800 timing queue_delay=258us release=4us end_frame=434us finalize=439us success=1
07-10 23:54:45.368 I/DolphinXR(31031): OpenXR Vulkan: waited 581 us for pending async final XR submit (before xrBeginFrame)
07-10 23:54:45.618 I/DolphinXR(31031): OpenXR Vulkan: waited 579 us for pending async final XR submit (before xrBeginFrame)
07-10 23:54:46.102 I/DolphinXR(31031): OpenXR Vulkan: async final XR submit #34892 timing queue_delay=557us release=11us end_frame=1108us finalize=1123us success=1
07-10 23:54:47.370 I/DolphinXR(31031): OpenXR Vulkan: waited 569 us for pending async final XR submit (before xrBeginFrame)
07-10 23:54:48.020 I/DolphinXR(31031): OpenXR Vulkan: waited 501 us for pending async final XR submit (before xrBeginFrame)
07-10 23:54:48.039 I/DolphinXR(31031): OpenXR Vulkan: async final XR submit #35008 timing queue_delay=258us release=3us end_frame=2865us finalize=2869us success=1
07-10 23:54:48.039 I/DolphinXR(31031): OpenXR Vulkan: waited 2723 us for pending async final XR submit (before xrBeginFrame)
07-10 23:54:48.604 I/DolphinXR(31031): OpenXR Vulkan: waited 559 us for pending async final XR submit (before xrBeginFrame)
07-10 23:54:48.688 I/DolphinXR(31031): OpenXR Vulkan: waited 611 us for pending async final XR submit (before xrBeginFrame)
07-10 23:54:48.872 I/DolphinXR(31031): OpenXR Vulkan: waited 513 us for pending async final XR submit (before xrBeginFrame)
07-10 23:54:49.572 I/DolphinXR(31031): OpenXR Vulkan: async final XR submit #35100 timing queue_delay=284us release=3us end_frame=448us finalize=453us success=1
07-10 23:54:49.822 I/DolphinXR(31031): OpenXR Vulkan: waited 584 us for pending async final XR submit (before xrBeginFrame)
07-10 23:54:50.023 I/DolphinXR(31031): OpenXR Vulkan: async final XR submit #35127 timing queue_delay=255us release=2us end_frame=1031us finalize=1034us success=1
07-10 23:54:50.023 I/DolphinXR(31031): OpenXR Vulkan: waited 945 us for pending async final XR submit (before xrBeginFrame)
07-10 23:54:50.440 I/DolphinXR(31031): OpenXR Vulkan: waited 612 us for pending async final XR submit (before xrBeginFrame)
07-10 23:54:51.257 I/DolphinXR(31031): OpenXR Vulkan: waited 564 us for pending async final XR submit (before xrBeginFrame)
07-10 23:54:52.258 I/DolphinXR(31031): OpenXR Vulkan: waited 693 us for pending async final XR submit (before xrBeginFrame)
07-10 23:54:53.342 I/DolphinXR(31031): OpenXR Vulkan: waited 664 us for pending async final XR submit (before xrBeginFrame)
07-10 23:54:54.327 I/DolphinXR(31031): OpenXR Vulkan: async final XR submit #35385 timing queue_delay=261us release=5us end_frame=1049us finalize=1055us success=1
07-10 23:54:54.577 I/DolphinXR(31031): OpenXR Vulkan: async final XR submit #35400 timing queue_delay=273us release=2us end_frame=435us finalize=438us success=1
07-10 23:54:54.694 I/DolphinXR(31031): OpenXR Vulkan: waited 510 us for pending async final XR submit (before xrBeginFrame)
07-10 23:54:56.815 V/SwapChain_Vulkan_Foveated( 2388): DestroyTextureResourcesFoveationVulkan: Destroyed foveation resources
07-10 23:54:56.816 V/SwapChain_Vulkan_Foveated( 2388): DestroyTextureResourcesFoveationVulkan: Destroyed foveation resources
07-10 23:54:56.817 V/SwapChain_Vulkan_Foveated( 2388): DestroyTextureResourcesFoveationVulkan: Destroyed foveation resources
07-10 23:55:00.087 V/SwapChain_Vulkan_Foveated( 2388): DestroyTextureResourcesFoveationVulkan: Destroyed foveation resources
07-10 23:55:00.087 V/SwapChain_Vulkan_Foveated( 2388): DestroyTextureResourcesFoveationVulkan: Destroyed foveation resources
07-10 23:55:02.299 V/SwapChain_Vulkan_Foveated( 2388): DestroyTextureResourcesFoveationVulkan: Destroyed foveation resources
07-10 23:55:02.354 V/SwapChain_Vulkan_Foveated( 2388): DestroyTextureResourcesFoveationVulkan: Destroyed foveation resources
07-10 23:55:02.376 V/SwapChain_Vulkan_Foveated( 2388): DestroyTextureResourcesFoveationVulkan: Destroyed foveation resources
07-10 23:55:02.465 V/SwapChain_Vulkan_Foveated( 2388): DestroyTextureResourcesFoveationVulkan: Destroyed foveation resources
07-10 23:55:10.137 I/DolphinXR(31031): Vulkan submit threading init: config=1 active=1 stereo_mode=6 openxr=1 surface=1
07-10 23:55:10.163 I/Foveation(31031): InitFoveationClient: TileOffset=0,TileTurnOff=1,TileAlignedFoveation=1
07-10 23:55:10.178 I/Foveation(31031): Vulkan FFR is supported: MinFragmentDensityTexelSize=(16,16)
07-10 23:55:10.188 I/SwapChain_Vulkan_Foveated( 2388): CreateTextureSwapChainFoveationVulkan: Created and exported foveation resources
07-10 23:55:10.191 I/SwapChain_Vulkan_Foveated(31031): ImportTextureResourcesFoveationVulkan: Imported foveation resources: 0xb400006f1118c9e8
07-10 23:55:10.192 I/SwapChain_Vulkan_Foveated( 2388): CreateTextureSwapChainFoveationVulkan: Created and exported foveation resources
07-10 23:55:10.194 I/SwapChain_Vulkan_Foveated(31031): ImportTextureResourcesFoveationVulkan: Imported foveation resources: 0xb400006f1118e5e8
07-10 23:55:10.195 I/SwapChain_Vulkan_Foveated( 2388): CreateTextureSwapChainFoveationVulkan: Created and exported foveation resources
07-10 23:55:10.197 I/SwapChain_Vulkan_Foveated(31031): ImportTextureResourcesFoveationVulkan: Imported foveation resources: 0xb400006f1118f3e8
07-10 23:55:10.198 W/DolphinXR(31031): OpenXR: xrSetAndroidApplicationThreadKHR failed for renderer-worker thread 'VK submission thread' (requested renderer-worker, tid=10695): XR_ERROR_ANDROID_THREAD_SETTINGS_FAILURE_KHR
07-10 23:55:10.198 W/DolphinXR(31031): OpenXR: retrying Android thread 'VK submission thread' registration as renderer-main
07-10 23:55:10.198 I/DolphinXR(31031): OpenXR: registered Android renderer-main thread 'VK submission thread' (requested renderer-worker, tid=10695, fallback)
07-10 23:55:10.198 I/DolphinXR(31031): Vulkan submit worker: OpenXR RendererWorker registration result=1 for 'VK submission thread'
07-10 23:55:10.616 I/DolphinXR(31031): OpenXR: registered Android renderer-main thread 'CPU-GPU thread' (requested renderer-main, tid=10673)
07-10 23:55:11.478 I/DolphinXR(31031): OpenXR Vulkan: async final XR submit #35534 timing queue_delay=1046us release=11us end_frame=3636us finalize=3648us success=1
07-10 23:55:14.887 I/DolphinXR(31031): OpenXR Vulkan: waited 508 us for pending async final XR submit (before xrBeginFrame)
07-10 23:55:14.929 V/SwapChain_Vulkan_Foveated( 2388): DestroyTextureResourcesFoveationVulkan: Destroyed foveation resources
07-10 23:55:14.929 V/SwapChain_Vulkan_Foveated( 2388): DestroyTextureResourcesFoveationVulkan: Destroyed foveation resources
07-10 23:55:14.930 V/SwapChain_Vulkan_Foveated( 2388): DestroyTextureResourcesFoveationVulkan: Destroyed foveation resources
07-10 23:55:14.930 V/SwapChain_Vulkan_Foveated( 2388): DestroyTextureResourcesFoveationVulkan: Destroyed foveation resources
07-10 23:55:15.288 I/DolphinXR(31031): OpenXR Vulkan: waited 505 us for pending async final XR submit (before xrBeginFrame)
07-10 23:55:15.988 I/DolphinXR(31031): OpenXR Vulkan: async final XR submit #35700 timing queue_delay=222us release=2us end_frame=322us finalize=325us success=1
07-10 23:55:16.522 I/DolphinXR(31031): OpenXR Vulkan: waited 562 us for pending async final XR submit (before xrBeginFrame)
07-10 23:55:16.723 I/DolphinXR(31031): OpenXR Vulkan: waited 559 us for pending async final XR submit (before xrBeginFrame)
07-10 23:55:16.940 I/DolphinXR(31031): OpenXR Vulkan: waited 701 us for pending async final XR submit (before xrBeginFrame)
07-10 23:55:17.757 I/DolphinXR(31031): OpenXR Vulkan: waited 528 us for pending async final XR submit (before xrBeginFrame)
07-10 23:55:17.957 I/DolphinXR(31031): OpenXR Vulkan: waited 507 us for pending async final XR submit (before xrBeginFrame)
07-10 23:55:18.157 I/DolphinXR(31031): OpenXR Vulkan: waited 576 us for pending async final XR submit (before xrBeginFrame)
07-10 23:55:18.358 I/DolphinXR(31031): OpenXR Vulkan: waited 631 us for pending async final XR submit (before xrBeginFrame)
07-10 23:55:18.574 I/DolphinXR(31031): OpenXR Vulkan: waited 505 us for pending async final XR submit (before xrBeginFrame)
07-10 23:55:19.809 I/DolphinXR(31031): OpenXR Vulkan: waited 534 us for pending async final XR submit (before xrBeginFrame)
07-10 23:55:19.926 I/DolphinXR(31031): OpenXR Vulkan: waited 595 us for pending async final XR submit (before xrBeginFrame)
07-10 23:55:20.027 I/DolphinXR(31031): OpenXR Vulkan: waited 572 us for pending async final XR submit (before xrBeginFrame)
07-10 23:55:20.444 I/DolphinXR(31031): OpenXR Vulkan: waited 504 us for pending async final XR submit (before xrBeginFrame)
07-10 23:55:20.476 I/DolphinXR(31031): OpenXR Vulkan: waited 723 us for pending async final XR submit (before xrBeginFrame)
07-10 23:55:20.660 I/DolphinXR(31031): OpenXR Vulkan: waited 661 us for pending async final XR submit (before xrBeginFrame)
07-10 23:55:20.993 I/DolphinXR(31031): OpenXR Vulkan: async final XR submit #36000 timing queue_delay=331us release=4us end_frame=600us finalize=604us success=1
07-10 23:55:21.260 I/DolphinXR(31031): OpenXR Vulkan: waited 523 us for pending async final XR submit (before xrBeginFrame)
07-10 23:55:21.461 I/DolphinXR(31031): OpenXR Vulkan: waited 574 us for pending async final XR submit (before xrBeginFrame)
07-10 23:55:21.661 I/DolphinXR(31031): OpenXR Vulkan: waited 628 us for pending async final XR submit (before xrBeginFrame)
07-10 23:55:21.861 I/DolphinXR(31031): OpenXR Vulkan: waited 554 us for pending async final XR submit (before xrBeginFrame)
07-10 23:55:22.078 I/DolphinXR(31031): OpenXR Vulkan: waited 658 us for pending async final XR submit (before xrBeginFrame)
07-10 23:55:22.278 I/DolphinXR(31031): OpenXR Vulkan: waited 606 us for pending async final XR submit (before xrBeginFrame)
07-10 23:55:25.214 I/DolphinXR(31031): OpenXR Vulkan: waited 505 us for pending async final XR submit (before xrBeginFrame)
07-10 23:55:25.506 I/DolphinXR(31031): OpenXR Vulkan: waited 681 us for pending async final XR submit (before xrBeginFrame)
07-10 23:55:25.515 I/DolphinXR(31031): OpenXR Vulkan: waited 610 us for pending async final XR submit (before xrBeginFrame)
07-10 23:55:31.157 I/DolphinXR(31031): OpenXR Vulkan: async final XR submit #36300 timing queue_delay=203us release=3us end_frame=275us finalize=278us success=1
07-10 23:55:33.012 I/DolphinXR(31031): OpenXR Vulkan: async final XR submit #36411 timing queue_delay=245us release=3us end_frame=2453us finalize=2457us success=1
07-10 23:55:33.012 I/DolphinXR(31031): OpenXR Vulkan: waited 2321 us for pending async final XR submit (before xrBeginFrame)
07-10 23:55:33.030 I/DolphinXR(31031): OpenXR Vulkan: waited 642 us for pending async final XR submit (before xrBeginFrame)
07-10 23:55:36.162 I/DolphinXR(31031): OpenXR Vulkan: async final XR submit #36600 timing queue_delay=204us release=2us end_frame=326us finalize=329us success=1
07-10 23:55:41.167 I/DolphinXR(31031): OpenXR Vulkan: async final XR submit #36900 timing queue_delay=186us release=2us end_frame=253us finalize=256us success=1
07-10 23:55:46.177 I/DolphinXR(31031): OpenXR Vulkan: async final XR submit #37200 timing queue_delay=200us release=3us end_frame=320us finalize=323us success=1
07-10 23:55:50.583 V/SwapChain_Vulkan_Foveated( 2388): DestroyTextureResourcesFoveationVulkan: Destroyed foveation resources
07-10 23:55:50.583 V/SwapChain_Vulkan_Foveated( 2388): DestroyTextureResourcesFoveationVulkan: Destroyed foveation resources
07-10 23:55:50.584 V/SwapChain_Vulkan_Foveated( 2388): DestroyTextureResourcesFoveationVulkan: Destroyed foveation resources
07-10 23:55:53.744 V/SwapChain_Vulkan_Foveated( 2388): DestroyTextureResourcesFoveationVulkan: Destroyed foveation resources
07-10 23:55:53.745 V/SwapChain_Vulkan_Foveated( 2388): DestroyTextureResourcesFoveationVulkan: Destroyed foveation resources
07-10 23:55:56.044 V/SwapChain_Vulkan_Foveated( 2388): DestroyTextureResourcesFoveationVulkan: Destroyed foveation resources
07-10 23:55:56.067 V/SwapChain_Vulkan_Foveated( 2388): DestroyTextureResourcesFoveationVulkan: Destroyed foveation resources
07-10 23:55:56.156 V/SwapChain_Vulkan_Foveated( 2388): DestroyTextureResourcesFoveationVulkan: Destroyed foveation resources
07-10 23:56:00.055 V/SwapChain_Vulkan_Foveated( 2388): DestroyTextureResourcesFoveationVulkan: Destroyed foveation resources
07-10 23:56:00.755 V/SwapChain_Vulkan_Foveated( 2388): DestroyTextureResourcesFoveationVulkan: Destroyed foveation resources
07-10 23:56:04.711 V/SwapChain_Vulkan_Foveated( 2388): DestroyTextureResourcesFoveationVulkan: Destroyed foveation resources
07-10 23:56:09.602 I/DolphinXR(31031): Vulkan submit threading init: config=1 active=1 stereo_mode=6 openxr=1 surface=1
07-10 23:56:09.638 I/Foveation(31031): InitFoveationClient: TileOffset=0,TileTurnOff=1,TileAlignedFoveation=1
07-10 23:56:09.652 I/Foveation(31031): Vulkan FFR is supported: MinFragmentDensityTexelSize=(16,16)
07-10 23:56:09.661 I/SwapChain_Vulkan_Foveated( 2388): CreateTextureSwapChainFoveationVulkan: Created and exported foveation resources
07-10 23:56:09.664 I/SwapChain_Vulkan_Foveated(31031): ImportTextureResourcesFoveationVulkan: Imported foveation resources: 0xb400006fa2ad87e8
07-10 23:56:09.665 I/SwapChain_Vulkan_Foveated( 2388): CreateTextureSwapChainFoveationVulkan: Created and exported foveation resources
07-10 23:56:09.668 I/SwapChain_Vulkan_Foveated(31031): ImportTextureResourcesFoveationVulkan: Imported foveation resources: 0xb400006f4f65e3e8
07-10 23:56:09.670 I/SwapChain_Vulkan_Foveated( 2388): CreateTextureSwapChainFoveationVulkan: Created and exported foveation resources
07-10 23:56:09.673 I/SwapChain_Vulkan_Foveated(31031): ImportTextureResourcesFoveationVulkan: Imported foveation resources: 0xb400006f4fa72de8
07-10 23:56:09.673 W/DolphinXR(31031): OpenXR: xrSetAndroidApplicationThreadKHR failed for renderer-worker thread 'VK submission thread' (requested renderer-worker, tid=10956): XR_ERROR_ANDROID_THREAD_SETTINGS_FAILURE_KHR
07-10 23:56:09.673 W/DolphinXR(31031): OpenXR: retrying Android thread 'VK submission thread' registration as renderer-main
07-10 23:56:09.673 I/DolphinXR(31031): OpenXR: registered Android renderer-main thread 'VK submission thread' (requested renderer-worker, tid=10956, fallback)
07-10 23:56:09.673 I/DolphinXR(31031): Vulkan submit worker: OpenXR RendererWorker registration result=1 for 'VK submission thread'
07-10 23:56:10.104 I/DolphinXR(31031): OpenXR: registered Android renderer-main thread 'CPU-GPU thread' (requested renderer-main, tid=10934)
07-10 23:56:10.960 I/DolphinXR(31031): OpenXR Vulkan: async final XR submit #37464 timing queue_delay=1105us release=11us end_frame=3510us finalize=3522us success=1
07-10 23:56:13.308 I/DolphinXR(31031): OpenXR Vulkan: async final XR submit #37500 timing queue_delay=251us release=7us end_frame=395us finalize=402us success=1
07-10 23:56:13.442 I/DolphinXR(31031): OpenXR Vulkan: waited 754 us for pending async final XR submit (before xrBeginFrame)
07-10 23:56:14.360 I/DolphinXR(31031): OpenXR Vulkan: waited 641 us for pending async final XR submit (before xrBeginFrame)
07-10 23:56:14.367 V/SwapChain_Vulkan_Foveated( 2388): DestroyTextureResourcesFoveationVulkan: Destroyed foveation resources
07-10 23:56:14.367 V/SwapChain_Vulkan_Foveated( 2388): DestroyTextureResourcesFoveationVulkan: Destroyed foveation resources
07-10 23:56:14.368 V/SwapChain_Vulkan_Foveated( 2388): DestroyTextureResourcesFoveationVulkan: Destroyed foveation resources
07-10 23:56:14.369 V/SwapChain_Vulkan_Foveated( 2388): DestroyTextureResourcesFoveationVulkan: Destroyed foveation resources
07-10 23:56:14.369 V/SwapChain_Vulkan_Foveated( 2388): DestroyTextureResourcesFoveationVulkan: Destroyed foveation resources
07-10 23:56:14.376 I/DolphinXR(31031): OpenXR Vulkan: waited 510 us for pending async final XR submit (before xrBeginFrame)
07-10 23:56:14.994 I/DolphinXR(31031): OpenXR Vulkan: waited 561 us for pending async final XR submit (before xrBeginFrame)
07-10 23:56:15.610 I/DolphinXR(31031): OpenXR Vulkan: waited 501 us for pending async final XR submit (before xrBeginFrame)
07-10 23:56:16.011 I/DolphinXR(31031): OpenXR Vulkan: waited 534 us for pending async final XR submit (before xrBeginFrame)
07-10 23:56:17.463 I/DolphinXR(31031): OpenXR Vulkan: waited 510 us for pending async final XR submit (before xrBeginFrame)
07-10 23:56:17.679 I/DolphinXR(31031): OpenXR Vulkan: waited 710 us for pending async final XR submit (before xrBeginFrame)
07-10 23:56:18.096 I/DolphinXR(31031): OpenXR Vulkan: waited 533 us for pending async final XR submit (before xrBeginFrame)
07-10 23:56:18.163 I/DolphinXR(31031): OpenXR Vulkan: async final XR submit #37791 timing queue_delay=261us release=3us end_frame=997us finalize=1001us success=1
07-10 23:56:18.164 I/DolphinXR(31031): OpenXR Vulkan: waited 798 us for pending async final XR submit (before xrBeginFrame)
07-10 23:56:18.313 I/DolphinXR(31031): OpenXR Vulkan: async final XR submit #37800 timing queue_delay=296us release=3us end_frame=419us finalize=423us success=1
07-10 23:56:18.381 I/DolphinXR(31031): OpenXR Vulkan: waited 518 us for pending async final XR submit (before xrBeginFrame)
07-10 23:56:18.513 I/DolphinXR(31031): OpenXR Vulkan: waited 567 us for pending async final XR submit (before xrBeginFrame)
07-10 23:56:18.714 I/DolphinXR(31031): OpenXR Vulkan: waited 592 us for pending async final XR submit (before xrBeginFrame)
07-10 23:56:19.331 I/DolphinXR(31031): OpenXR Vulkan: waited 557 us for pending async final XR submit (before xrBeginFrame)
07-10 23:56:19.932 I/DolphinXR(31031): OpenXR Vulkan: waited 503 us for pending async final XR submit (before xrBeginFrame)
07-10 23:56:20.466 I/DolphinXR(31031): OpenXR Vulkan: waited 545 us for pending async final XR submit (before xrBeginFrame)
07-10 23:56:20.549 I/DolphinXR(31031): OpenXR Vulkan: waited 509 us for pending async final XR submit (before xrBeginFrame)
07-10 23:56:20.766 I/DolphinXR(31031): OpenXR Vulkan: waited 505 us for pending async final XR submit (before xrBeginFrame)
07-10 23:56:27.062 I/DolphinXR(31031): OpenXR Vulkan: waited 535 us for pending async final XR submit (before xrBeginFrame)
07-10 23:56:28.025 I/DolphinXR(31031): OpenXR Vulkan: async final XR submit #38067 timing queue_delay=1194us release=2us end_frame=314us finalize=317us success=1
07-10 23:56:28.546 I/DolphinXR(31031): OpenXR Vulkan: async final XR submit #38100 timing queue_delay=170us release=2us end_frame=294us finalize=298us success=1
07-10 23:56:28.998 I/DolphinXR(31031): OpenXR Vulkan: async final XR submit #38129 timing queue_delay=1219us release=4us end_frame=339us finalize=343us success=1
07-10 23:56:33.487 I/DolphinXR(31031): OpenXR Vulkan: async final XR submit #38400 timing queue_delay=284us release=4us end_frame=611us finalize=615us success=1
07-10 23:56:37.011 I/DolphinXR(31031): OpenXR Vulkan: async final XR submit #38611 timing queue_delay=231us release=2us end_frame=3391us finalize=3394us success=1
07-10 23:56:37.011 I/DolphinXR(31031): OpenXR Vulkan: waited 3279 us for pending async final XR submit (before xrBeginFrame)
07-10 23:56:38.492 I/DolphinXR(31031): OpenXR Vulkan: async final XR submit #38700 timing queue_delay=223us release=4us end_frame=392us finalize=399us success=1
07-10 23:56:43.497 I/DolphinXR(31031): OpenXR Vulkan: async final XR submit #39000 timing queue_delay=192us release=1us end_frame=246us finalize=248us success=1
07-10 23:56:48.501 I/DolphinXR(31031): OpenXR Vulkan: async final XR submit #39300 timing queue_delay=216us release=3us end_frame=370us finalize=374us success=1
07-10 23:56:53.512 I/DolphinXR(31031): OpenXR Vulkan: async final XR submit #39600 timing queue_delay=203us release=2us end_frame=372us finalize=375us success=1
07-10 23:56:54.394 I/DolphinXR(31031): OpenXR Vulkan: waited 527 us for pending async final XR submit (before xrBeginFrame)
07-10 23:56:59.213 I/DolphinXR(31031): OpenXR Vulkan: async final XR submit #39900 timing queue_delay=206us release=3us end_frame=351us finalize=355us success=1
07-10 23:57:01.157 I/DolphinXR(31031): OpenXR Vulkan: async final XR submit #39998 timing queue_delay=220us release=3us end_frame=1106us finalize=1110us success=1
07-10 23:57:03.714 I/DolphinXR(31031): OpenXR Vulkan: waited 575 us for pending async final XR submit (before xrBeginFrame)
07-10 23:57:04.692 I/DolphinXR(31031): OpenXR Vulkan: async final XR submit #40165 timing queue_delay=1215us release=3us end_frame=330us finalize=334us success=1
07-10 23:57:05.453 I/DolphinXR(31031): OpenXR Vulkan: async final XR submit #40200 timing queue_delay=214us release=2us end_frame=401us finalize=405us success=1
07-10 23:57:11.132 I/DolphinXR(31031): OpenXR Vulkan: async final XR submit #40500 timing queue_delay=197us release=2us end_frame=297us finalize=300us success=1
07-10 23:57:11.284 V/SwapChain_Vulkan_Foveated( 2388): DestroyTextureResourcesFoveationVulkan: Destroyed foveation resources
07-10 23:57:11.285 V/SwapChain_Vulkan_Foveated( 2388): DestroyTextureResourcesFoveationVulkan: Destroyed foveation resources
07-10 23:57:11.285 V/SwapChain_Vulkan_Foveated( 2388): DestroyTextureResourcesFoveationVulkan: Destroyed foveation resources
07-10 23:57:14.533 V/SwapChain_Vulkan_Foveated( 2388): DestroyTextureResourcesFoveationVulkan: Destroyed foveation resources
07-10 23:57:14.533 V/SwapChain_Vulkan_Foveated( 2388): DestroyTextureResourcesFoveationVulkan: Destroyed foveation resources
07-10 23:57:16.823 V/SwapChain_Vulkan_Foveated( 2388): DestroyTextureResourcesFoveationVulkan: Destroyed foveation resources
07-10 23:57:16.846 V/SwapChain_Vulkan_Foveated( 2388): DestroyTextureResourcesFoveationVulkan: Destroyed foveation resources
07-10 23:57:16.934 V/SwapChain_Vulkan_Foveated( 2388): DestroyTextureResourcesFoveationVulkan: Destroyed foveation resources
07-10 23:57:40.214 V/SwapChain_Vulkan_Foveated( 2388): DestroyTextureResourcesFoveationVulkan: Destroyed foveation resources
07-10 23:57:54.553 V/SwapChain_Vulkan_Foveated( 2388): DestroyTextureResourcesFoveationVulkan: Destroyed foveation resources
07-10 23:57:54.565 V/SwapChain_Vulkan_Foveated( 2388): DestroyTextureResourcesFoveationVulkan: Destroyed foveation resources
07-10 23:57:54.565 V/SwapChain_Vulkan_Foveated( 2388): DestroyTextureResourcesFoveationVulkan: Destroyed foveation resources
